// Jest Snapshot v1, https://goo.gl/fbAQLP

exports[`It matches the previous working version of the vehicle map component Matches the previous snapshot of the vehicle map component 1`] = `
<div
  className="leafletMapContainer"
>
  <div
    style={
      Object {
        "height": "100%",
        "width": "100%",
      }
    }
  />
</div>
`;
